// Jest Snapshot v1, https://goo.gl/fbAQLP

exports[`<Main /> should render the heading 1`] = `
.c0 {
  background-color: #06092b;
  color: #fff;
  width: 100%;
  height: 100%;
  padding: 3rem;
  display: flex;
  flex-direction: column;
  justify-content: center;
  align-items: center;
}

<main
  class="c0"
>
  <h1>
    LuanComputacao
  </h1>
</main>
`;
